../Drivers/CMSIS/Include/core_cm4.h:2064:26:ITM_SendChar	16	static,ignoring_inline_asm
../Core/Src/main.c:115:5:_write	32	static
../Core/Src/main.c:122:6:setMotorSpeed	24	static
../Core/Src/main.c:147:6:setPIDParameter	48	static
../Core/Src/main.c:181:6:HAL_UARTEx_RxEventCallback	16	static
../Core/Src/main.c:207:5:line_data	32	static
../Core/Src/main.c:229:6:computePID	40	static
../Core/Src/main.c:270:5:main	24	static
../Core/Src/main.c:394:6:SystemClock_Config	88	static
../Core/Src/main.c:440:13:MX_NVIC_Init	8	static
../Core/Src/main.c:452:13:MX_ADC1_Init	24	static
../Core/Src/main.c:567:13:MX_TIM1_Init	80	static
../Core/Src/main.c:636:13:MX_TIM2_Init	48	static
../Core/Src/main.c:685:13:MX_TIM3_Init	48	static
../Core/Src/main.c:734:13:MX_USART6_UART_Init	8	static
../Core/Src/main.c:765:13:MX_DMA_Init	16	static
../Core/Src/main.c:786:13:MX_GPIO_Init	48	static
../Core/Src/main.c:830:6:Error_Handler	4	static,ignoring_inline_asm
